0 verbose cli C:\Program Files\nodejs\node.exe C:\Users\Usuário\AppData\Roaming\npm\node_modules\npm\bin\npm-cli.js
1 info using npm@11.12.1
2 info using node@v24.11.1
3 silly config load:file:C:\Users\Usuário\AppData\Roaming\npm\node_modules\npm\npmrc
4 silly config load:file:d:\Vitor_Tec\Salvavet\.npmrc
5 silly config load:file:C:\Users\Usuário\.npmrc
6 silly config load:file:C:\Users\Usuário\AppData\Roaming\npm\etc\npmrc
7 verbose title npm ls tailwindcss-animate
8 verbose argv "ls" "--json" "--depth" "0" "--" "tailwindcss-animate"
9 verbose logfile logs-max:10 dir:D:\Vitor_Tec\Salvavet\npm-cache\_logs\2026-08-15T00_44_37_613Z-
10 verbose logfile D:\Vitor_Tec\Salvavet\npm-cache\_logs\2026-08-15T00_44_37_613Z-debug-0.log
11 silly logfile start cleaning logs, removing 2 files
12 silly packumentCache heap:4496293888 maxSize:1124073472 maxEntrySize:562036736
13 silly logfile done cleaning log files
14 verbose cwd d:\Vitor_Tec\Salvavet
15 verbose os Windows_NT 10.0.26200
16 verbose node v24.11.1
17 verbose npm  v11.12.1
18 verbose exit 1
19 verbose code 1
